<?xml version="1.0" encoding="utf-8"?>
<TestRun id="f0f4d0e4-ba7f-4bd1-adfe-0a38e5ddc5ba" name="@cae03eee54f8 2025-11-09 14:35:40" xmlns="http://microsoft.com/schemas/VisualStudio/TeamTest/2010">
  <Times creation="2025-11-09T14:35:40.8939820+00:00" queuing="2025-11-09T14:35:40.8939821+00:00" start="2025-11-09T14:35:30.8358658+00:00" finish="2025-11-09T14:35:40.9074310+00:00" />
  <TestSettings name="default" id="279f2bec-e653-4363-99a4-a6d622d03fc8">
    <Deployment runDeploymentRoot="_cae03eee54f8_2025-11-09_14_35_40" />
  </TestSettings>
  <Results>
    <UnitTestResult executionId="86bf3c20-1fd3-4172-a573-326d33ce0752" testId="2f515dcb-cff3-27e7-d748-765b3ddcd52c" testName="UC3_ValidCredentialsTest (&quot;standard_user&quot;,&quot;secret_sauce&quot;,&quot;Products&quot;)" computerName="cae03eee54f8" duration="00:00:10.8707023" startTime="2025-11-09T14:35:31.8636322+00:00" endTime="2025-11-09T14:35:40.2530155+00:00" testType="13cdc9d9-ddb5-4fa4-a97d-d965ccfc6d4b" outcome="Passed" testListId="8c84fa94-04c1-424b-9868-57a2d4851a1d" relativeResultsDirectory="86bf3c20-1fd3-4172-a573-326d33ce0752">
      <Output>
        <StdOut>Debug Trace:
sauce.Base.BaseTest: 14:35:32,067 [.NET TP Worker] INFO sauce.Base.BaseTest - Starting test setup.
sauce.Base.BaseTest: 14:35:40,521 [.NET TP Worker] INFO sauce.Base.BaseTest - Test setup complete.
sauce.Base.BaseTest: 14:35:40,522 [.NET TP Worker] INFO sauce.Base.BaseTest - Running UC3 with username: 'standard_user', password: 'secret_sauce'
sauce.Base.BaseTest: 14:35:39,995 [.NET TP Worker] INFO sauce.Base.BaseTest - UC3 finished.
sauce.Base.BaseTest: 14:35:40,007 [.NET TP Worker] INFO sauce.Base.BaseTest - Starting test cleanup.
sauce.Base.BaseTest: 14:35:40,241 [.NET TP Worker] INFO sauce.Base.BaseTest - Test cleanup complete.</StdOut>
      </Output>
    </UnitTestResult>
    <UnitTestResult executionId="78f4486f-2ec4-4ab9-a59c-3539e96e6511" testId="ca08b2f8-7cdb-5b9d-5e50-d046a3e938d7" testName="UC1_EmptyCredentialsTest (&quot;&quot;,&quot;&quot;,&quot;Epic sadface: Username is required&quot;)" computerName="cae03eee54f8" duration="00:00:11.0288698" startTime="2025-11-09T14:35:31.8616124+00:00" endTime="2025-11-09T14:35:40.4034227+00:00" testType="13cdc9d9-ddb5-4fa4-a97d-d965ccfc6d4b" outcome="Passed" testListId="8c84fa94-04c1-424b-9868-57a2d4851a1d" relativeResultsDirectory="78f4486f-2ec4-4ab9-a59c-3539e96e6511">
      <Output>
        <StdOut>Connection refused (localhost:44071)
Connection refused (localhost:44071)



Debug Trace:
sauce.Base.BaseTest: 14:35:32,067 [.NET TP Worker] INFO sauce.Base.BaseTest - Starting test setup.
sauce.Base.BaseTest: 14:35:38,707 [.NET TP Worker] INFO sauce.Base.BaseTest - Test setup complete.
sauce.Base.BaseTest: 14:35:38,708 [.NET TP Worker] INFO sauce.Base.BaseTest - Running UC1 with username: '', password: ''
sauce.Base.BaseTest: 14:35:40,274 [.NET TP Worker] INFO sauce.Base.BaseTest - UC1 finished.
sauce.Base.BaseTest: 14:35:40,275 [.NET TP Worker] INFO sauce.Base.BaseTest - Starting test cleanup.
sauce.Base.BaseTest: 14:35:40,402 [.NET TP Worker] INFO sauce.Base.BaseTest - Test cleanup complete.</StdOut>
      </Output>
    </UnitTestResult>
    <UnitTestResult executionId="7f879a6a-a820-4c37-b20e-e2de9240627f" testId="fc684227-d3ad-1601-6c93-f0c5405768b8" testName="UC2_EmptyPasswordTest (&quot;standard_user&quot;,&quot;&quot;,&quot;Epic sadface: Password is required&quot;)" computerName="cae03eee54f8" duration="00:00:11.3322075" startTime="2025-11-09T14:35:31.8635219+00:00" endTime="2025-11-09T14:35:40.7088428+00:00" testType="13cdc9d9-ddb5-4fa4-a97d-d965ccfc6d4b" outcome="Passed" testListId="8c84fa94-04c1-424b-9868-57a2d4851a1d" relativeResultsDirectory="7f879a6a-a820-4c37-b20e-e2de9240627f">
      <Output>
        <StdOut>Connection refused (localhost:41221)
Connection refused (localhost:41221)
Connection refused (localhost:41221)
Connection refused (localhost:41221)
Connection refused (localhost:41221)



Debug Trace:
sauce.Base.BaseTest: 14:35:32,067 [.NET TP Worker] INFO sauce.Base.BaseTest - Starting test setup.
sauce.Base.BaseTest: 14:35:38,908 [.NET TP Worker] INFO sauce.Base.BaseTest - Test setup complete.
sauce.Base.BaseTest: 14:35:38,911 [.NET TP Worker] INFO sauce.Base.BaseTest - Running UC2 with username: 'standard_user', password: ''
sauce.Base.BaseTest: 14:35:40,599 [.NET TP Worker] INFO sauce.Base.BaseTest - UC2 finished.
sauce.Base.BaseTest: 14:35:40,599 [.NET TP Worker] INFO sauce.Base.BaseTest - Starting test cleanup.
sauce.Base.BaseTest: 14:35:40,706 [.NET TP Worker] INFO sauce.Base.BaseTest - Test cleanup complete.</StdOut>
      </Output>
    </UnitTestResult>
  </Results>
  <TestDefinitions>
    <UnitTest name="UC2_EmptyPasswordTest (&quot;standard_user&quot;,&quot;&quot;,&quot;Epic sadface: Password is required&quot;)" storage="/src/sauce/bin/debug/net9.0/sauce.dll" id="fc684227-d3ad-1601-6c93-f0c5405768b8">
      <Execution id="7f879a6a-a820-4c37-b20e-e2de9240627f" />
      <TestMethod codeBase="/src/sauce/bin/Debug/net9.0/sauce.dll" adapterTypeName="executor://mstestadapter/v2" className="sauce.Tests.LoginTests" name="UC2_EmptyPasswordTest" />
    </UnitTest>
    <UnitTest name="UC3_ValidCredentialsTest (&quot;standard_user&quot;,&quot;secret_sauce&quot;,&quot;Products&quot;)" storage="/src/sauce/bin/debug/net9.0/sauce.dll" id="2f515dcb-cff3-27e7-d748-765b3ddcd52c">
      <Execution id="86bf3c20-1fd3-4172-a573-326d33ce0752" />
      <TestMethod codeBase="/src/sauce/bin/Debug/net9.0/sauce.dll" adapterTypeName="executor://mstestadapter/v2" className="sauce.Tests.LoginTests" name="UC3_ValidCredentialsTest" />
    </UnitTest>
    <UnitTest name="UC1_EmptyCredentialsTest (&quot;&quot;,&quot;&quot;,&quot;Epic sadface: Username is required&quot;)" storage="/src/sauce/bin/debug/net9.0/sauce.dll" id="ca08b2f8-7cdb-5b9d-5e50-d046a3e938d7">
      <Execution id="78f4486f-2ec4-4ab9-a59c-3539e96e6511" />
      <TestMethod codeBase="/src/sauce/bin/Debug/net9.0/sauce.dll" adapterTypeName="executor://mstestadapter/v2" className="sauce.Tests.LoginTests" name="UC1_EmptyCredentialsTest" />
    </UnitTest>
  </TestDefinitions>
  <TestEntries>
    <TestEntry testId="2f515dcb-cff3-27e7-d748-765b3ddcd52c" executionId="86bf3c20-1fd3-4172-a573-326d33ce0752" testListId="8c84fa94-04c1-424b-9868-57a2d4851a1d" />
    <TestEntry testId="ca08b2f8-7cdb-5b9d-5e50-d046a3e938d7" executionId="78f4486f-2ec4-4ab9-a59c-3539e96e6511" testListId="8c84fa94-04c1-424b-9868-57a2d4851a1d" />
    <TestEntry testId="fc684227-d3ad-1601-6c93-f0c5405768b8" executionId="7f879a6a-a820-4c37-b20e-e2de9240627f" testListId="8c84fa94-04c1-424b-9868-57a2d4851a1d" />
  </TestEntries>
  <TestLists>
    <TestList name="Results Not in a List" id="8c84fa94-04c1-424b-9868-57a2d4851a1d" />
    <TestList name="All Loaded Results" id="19431567-8539-422a-85d7-44ee4e166bda" />
  </TestLists>
  <ResultSummary outcome="Completed">
    <Counters total="3" executed="3" passed="3" failed="0" error="0" timeout="0" aborted="0" inconclusive="0" passedButRunAborted="0" notRunnable="0" notExecuted="0" disconnected="0" warning="0" completed="0" inProgress="0" pending="0" />
    <Output>
      <StdOut>Test Parallelization enabled for /src/sauce/bin/Debug/net9.0/sauce.dll (Workers: 4, Scope: MethodLevel)
Starting ChromeDriver 142.0.7444.61 (9884f628acbc5ba8787e2c95a8923a30cf127fd8-refs/branch-heads/7444_52@{#6}) on port 45581
Only local connections are allowed.
Please see https://chromedriver.chromium.org/security-considerations for suggestions on keeping ChromeDriver safe.
ChromeDriver was started successfully on port 45581.
Starting ChromeDriver 142.0.7444.61 (9884f628acbc5ba8787e2c95a8923a30cf127fd8-refs/branch-heads/7444_52@{#6}) on port 41221
Only local connections are allowed.
Please see https://chromedriver.chromium.org/security-considerations for suggestions on keeping ChromeDriver safe.
ChromeDriver was started successfully on port 41221.
Starting ChromeDriver 142.0.7444.61 (9884f628acbc5ba8787e2c95a8923a30cf127fd8-refs/branch-heads/7444_52@{#6}) on port 44071
Only local connections are allowed.
Please see https://chromedriver.chromium.org/security-considerations for suggestions on keeping ChromeDriver safe.
ChromeDriver was started successfully on port 44071.
</StdOut>
    </Output>
  </ResultSummary>
</TestRun>